// Jest Snapshot v1, https://goo.gl/fbAQLP

exports[`spawn should throw if "node" is one of the mocks 1`] = `"spawn-with-mocks does not support mocking the node command"`;
